[damped_trend] enabled: phi=0.8, seq_len=96, pred_len=96 (trend added at step h = slope * phi * (1 - phi**h) / (1 - phi))
[split_hash] expected=b66ee6b47e2b2eb8 actual=b66ee6b47e2b2eb8 OK
Args in experiment:
Namespace(random_seed=2024, is_training=1, model_id='ETTh1_96_96', model='TQNet', data='ETTh1', root_path='./dataset/', data_path='ETTh1.csv', features='M', target='OT', freq='h', checkpoints='./checkpoints/', seq_len=96, label_len=0, pred_len=96, cycle=24, model_type='mlp', use_revin=1, use_tq=1, channel_aggre=1, channel_criterion=0, use_damped_trend=1, damped_phi=0.8, fc_dropout=0.05, head_dropout=0.0, patch_len=16, stride=8, padding_patch='end', revin=0, affine=0, subtract_last=0, decomposition=0, kernel_size=25, individual=0, rnn_type='gru', dec_way='pmf', seg_len=48, channel_id=1, embed_type=0, enc_in=7, dec_in=7, c_out=7, d_model=512, n_heads=8, e_layers=2, d_layers=1, d_ff=2048, moving_avg=25, factor=1, distil=True, dropout=0.5, embed='timeF', activation='gelu', output_attention=False, do_predict=False, num_workers=0, itr=1, train_epochs=30, batch_size=256, patience=5, learning_rate=0.001, des='test', loss='mse', lradj='type3', pct_start=0.3, use_amp=False, use_gpu=False, gpu=0, use_multi_gpu=False, devices='0,1', test_flop=False, accelerator='cpu', result_path='./result_ours.txt', save_outputs=1, channel_criterion_record=None)
Use CPU
>>>>>>>start training : ETTh1_96_96_TQNet_ETTh1_ftM_sl96_pl96_cycle24_seed2024_dphi0.8>>>>>>>>>>>>>>>>>>>>>>>>>>
train 8449
val 2785
test 2785
Epoch: 1 cost time: 6.218033075332642
Epoch: 1, Steps: 33 | Train Loss: 0.5844926 Vali Loss: 1.0079076 Test Loss: 0.6050563
Validation loss decreased (inf --> 1.007908).  Saving model ...
Updating learning rate to 0.001
Epoch: 2 cost time: 6.112003803253174
Epoch: 2, Steps: 33 | Train Loss: 0.4397264 Vali Loss: 0.7704505 Test Loss: 0.4045988
Validation loss decreased (1.007908 --> 0.770450).  Saving model ...
Updating learning rate to 0.001
Epoch: 3 cost time: 5.816387891769409
Epoch: 3, Steps: 33 | Train Loss: 0.3922097 Vali Loss: 0.7442055 Test Loss: 0.3872184
Validation loss decreased (0.770450 --> 0.744206).  Saving model ...
Updating learning rate to 0.001
Epoch: 4 cost time: 7.0851356983184814
Epoch: 4, Steps: 33 | Train Loss: 0.3777045 Vali Loss: 0.7435669 Test Loss: 0.3821302
Validation loss decreased (0.744206 --> 0.743567).  Saving model ...
Updating learning rate to 0.0008
Epoch: 5 cost time: 6.611242055892944
Epoch: 5, Steps: 33 | Train Loss: 0.3712306 Vali Loss: 0.7332631 Test Loss: 0.3805357
Validation loss decreased (0.743567 --> 0.733263).  Saving model ...
Updating learning rate to 0.0006400000000000002
Epoch: 6 cost time: 5.24504542350769
Epoch: 6, Steps: 33 | Train Loss: 0.3662920 Vali Loss: 0.7295399 Test Loss: 0.3777611
Validation loss decreased (0.733263 --> 0.729540).  Saving model ...
Updating learning rate to 0.0005120000000000001
Epoch: 7 cost time: 4.538196563720703
Epoch: 7, Steps: 33 | Train Loss: 0.3632446 Vali Loss: 0.7378045 Test Loss: 0.3768916
EarlyStopping counter: 1 out of 5
Updating learning rate to 0.0004096000000000001
Epoch: 8 cost time: 4.39519190788269
Epoch: 8, Steps: 33 | Train Loss: 0.3601798 Vali Loss: 0.7350901 Test Loss: 0.3740748
EarlyStopping counter: 2 out of 5
Updating learning rate to 0.0003276800000000001
Epoch: 9 cost time: 5.368163108825684
Epoch: 9, Steps: 33 | Train Loss: 0.3580360 Vali Loss: 0.7252687 Test Loss: 0.3727038
Validation loss decreased (0.729540 --> 0.725269).  Saving model ...
Updating learning rate to 0.0002621440000000001
Epoch: 10 cost time: 5.058344841003418
Epoch: 10, Steps: 33 | Train Loss: 0.3565274 Vali Loss: 0.7336639 Test Loss: 0.3733909
EarlyStopping counter: 1 out of 5
Updating learning rate to 0.0002097152000000001
Epoch: 11 cost time: 4.682894229888916
Epoch: 11, Steps: 33 | Train Loss: 0.3546049 Vali Loss: 0.7318092 Test Loss: 0.3726370
EarlyStopping counter: 2 out of 5
Updating learning rate to 0.0001677721600000001
Epoch: 12 cost time: 4.86205267906189
Epoch: 12, Steps: 33 | Train Loss: 0.3537000 Vali Loss: 0.7309276 Test Loss: 0.3729774
EarlyStopping counter: 3 out of 5
Updating learning rate to 0.00013421772800000008
Epoch: 13 cost time: 4.930739402770996
Epoch: 13, Steps: 33 | Train Loss: 0.3527911 Vali Loss: 0.7314717 Test Loss: 0.3734637
EarlyStopping counter: 4 out of 5
Updating learning rate to 0.00010737418240000006
Epoch: 14 cost time: 4.255196809768677
Epoch: 14, Steps: 33 | Train Loss: 0.3515212 Vali Loss: 0.7278543 Test Loss: 0.3724419
EarlyStopping counter: 5 out of 5
Early stopping
>>>>>>>testing : ETTh1_96_96_TQNet_ETTh1_ftM_sl96_pl96_cycle24_seed2024_dphi0.8<<<<<<<<<<<<<<<<<<<<<<<<<<<<<<<<<
test 2785
mse:0.3718859851360321, mae:0.3934831917285919
saved predictions and metrics under ./results/ETTh1_96_96_TQNet_ETTh1_ftM_sl96_pl96_cycle24_seed2024_dphi0.8/
[damped_trend] enabled: phi=1, seq_len=96, pred_len=96 (trend added at step h = slope * phi * (1 - phi**h) / (1 - phi))
[split_hash] expected=b66ee6b47e2b2eb8 actual=b66ee6b47e2b2eb8 OK
Args in experiment:
Namespace(random_seed=2024, is_training=1, model_id='ETTh1_96_96', model='TQNet', data='ETTh1', root_path='./dataset/', data_path='ETTh1.csv', features='M', target='OT', freq='h', checkpoints='./checkpoints/', seq_len=96, label_len=0, pred_len=96, cycle=24, model_type='mlp', use_revin=1, use_tq=1, channel_aggre=1, channel_criterion=0, use_damped_trend=1, damped_phi=1.0, fc_dropout=0.05, head_dropout=0.0, patch_len=16, stride=8, padding_patch='end', revin=0, affine=0, subtract_last=0, decomposition=0, kernel_size=25, individual=0, rnn_type='gru', dec_way='pmf', seg_len=48, channel_id=1, embed_type=0, enc_in=7, dec_in=7, c_out=7, d_model=512, n_heads=8, e_layers=2, d_layers=1, d_ff=2048, moving_avg=25, factor=1, distil=True, dropout=0.5, embed='timeF', activation='gelu', output_attention=False, do_predict=False, num_workers=0, itr=1, train_epochs=30, batch_size=256, patience=5, learning_rate=0.001, des='test', loss='mse', lradj='type3', pct_start=0.3, use_amp=False, use_gpu=False, gpu=0, use_multi_gpu=False, devices='0,1', test_flop=False, accelerator='cpu', result_path='./result_ours.txt', save_outputs=1, channel_criterion_record=None)
Use CPU
>>>>>>>start training : ETTh1_96_96_TQNet_ETTh1_ftM_sl96_pl96_cycle24_seed2024_dphi1>>>>>>>>>>>>>>>>>>>>>>>>>>
train 8449
val 2785
test 2785
Epoch: 1 cost time: 4.290979623794556
Epoch: 1, Steps: 33 | Train Loss: 0.6879833 Vali Loss: 1.1068448 Test Loss: 0.6794487
Validation loss decreased (inf --> 1.106845).  Saving model ...
Updating learning rate to 0.001
Epoch: 2 cost time: 5.326566696166992
Epoch: 2, Steps: 33 | Train Loss: 0.5326740 Vali Loss: 0.8411824 Test Loss: 0.4719892
Validation loss decreased (1.106845 --> 0.841182).  Saving model ...
Updating learning rate to 0.001
Epoch: 3 cost time: 4.415315628051758
Epoch: 3, Steps: 33 | Train Loss: 0.4771055 Vali Loss: 0.7972015 Test Loss: 0.4464624
Validation loss decreased (0.841182 --> 0.797201).  Saving model ...
Updating learning rate to 0.001
Epoch: 4 cost time: 4.297773361206055
Epoch: 4, Steps: 33 | Train Loss: 0.4538668 Vali Loss: 0.7908953 Test Loss: 0.4297443
Validation loss decreased (0.797201 --> 0.790895).  Saving model ...
Updating learning rate to 0.0008
Epoch: 5 cost time: 4.383371591567993
Epoch: 5, Steps: 33 | Train Loss: 0.4379212 Vali Loss: 0.7755435 Test Loss: 0.4207854
Validation loss decreased (0.790895 --> 0.775543).  Saving model ...
Updating learning rate to 0.0006400000000000002
Epoch: 6 cost time: 4.395065546035767
Epoch: 6, Steps: 33 | Train Loss: 0.4264118 Vali Loss: 0.7677435 Test Loss: 0.4194320
Validation loss decreased (0.775543 --> 0.767744).  Saving model ...
Updating learning rate to 0.0005120000000000001
Epoch: 7 cost time: 4.352818012237549
Epoch: 7, Steps: 33 | Train Loss: 0.4172909 Vali Loss: 0.7710295 Test Loss: 0.4191452
EarlyStopping counter: 1 out of 5
Updating learning rate to 0.0004096000000000001
Epoch: 8 cost time: 4.295750379562378
Epoch: 8, Steps: 33 | Train Loss: 0.4095030 Vali Loss: 0.7630147 Test Loss: 0.4135477
Validation loss decreased (0.767744 --> 0.763015).  Saving model ...
Updating learning rate to 0.0003276800000000001
Epoch: 9 cost time: 4.290968894958496
Epoch: 9, Steps: 33 | Train Loss: 0.4037411 Vali Loss: 0.7519242 Test Loss: 0.4127891
Validation loss decreased (0.763015 --> 0.751924).  Saving model ...
Updating learning rate to 0.0002621440000000001
Epoch: 10 cost time: 5.04969596862793
Epoch: 10, Steps: 33 | Train Loss: 0.3990847 Vali Loss: 0.7612891 Test Loss: 0.4121422
EarlyStopping counter: 1 out of 5
Updating learning rate to 0.0002097152000000001
Epoch: 11 cost time: 5.3744566440582275
Epoch: 11, Steps: 33 | Train Loss: 0.3952645 Vali Loss: 0.7546173 Test Loss: 0.4142188
EarlyStopping counter: 2 out of 5
Updating learning rate to 0.0001677721600000001
Epoch: 12 cost time: 5.398430109024048
Epoch: 12, Steps: 33 | Train Loss: 0.3930628 Vali Loss: 0.7514986 Test Loss: 0.4139796
Validation loss decreased (0.751924 --> 0.751499).  Saving model ...
Updating learning rate to 0.00013421772800000008
Epoch: 13 cost time: 4.483142375946045
Epoch: 13, Steps: 33 | Train Loss: 0.3904289 Vali Loss: 0.7537126 Test Loss: 0.4120678
EarlyStopping counter: 1 out of 5
Updating learning rate to 0.00010737418240000006
Epoch: 14 cost time: 5.004757881164551
Epoch: 14, Steps: 33 | Train Loss: 0.3880486 Vali Loss: 0.7477850 Test Loss: 0.4114211
Validation loss decreased (0.751499 --> 0.747785).  Saving model ...
Updating learning rate to 8.589934592000005e-05
Epoch: 15 cost time: 5.284148216247559
Epoch: 15, Steps: 33 | Train Loss: 0.3865419 Vali Loss: 0.7498993 Test Loss: 0.4114650
EarlyStopping counter: 1 out of 5
Updating learning rate to 6.871947673600005e-05
Epoch: 16 cost time: 4.677076101303101
Epoch: 16, Steps: 33 | Train Loss: 0.3854024 Vali Loss: 0.7462320 Test Loss: 0.4115815
Validation loss decreased (0.747785 --> 0.746232).  Saving model ...
Updating learning rate to 5.497558138880004e-05
Epoch: 17 cost time: 4.438776969909668
Epoch: 17, Steps: 33 | Train Loss: 0.3841390 Vali Loss: 0.7493845 Test Loss: 0.4114025
EarlyStopping counter: 1 out of 5
Updating learning rate to 4.398046511104004e-05
Epoch: 18 cost time: 4.328178882598877
Epoch: 18, Steps: 33 | Train Loss: 0.3834948 Vali Loss: 0.7460012 Test Loss: 0.4119841
Validation loss decreased (0.746232 --> 0.746001).  Saving model ...
Updating learning rate to 3.518437208883203e-05
Epoch: 19 cost time: 4.2551939487457275
Epoch: 19, Steps: 33 | Train Loss: 0.3831128 Vali Loss: 0.7470310 Test Loss: 0.4113572
EarlyStopping counter: 1 out of 5
Updating learning rate to 2.8147497671065623e-05
Epoch: 20 cost time: 4.364958763122559
Epoch: 20, Steps: 33 | Train Loss: 0.3826353 Vali Loss: 0.7445682 Test Loss: 0.4117303
Validation loss decreased (0.746001 --> 0.744568).  Saving model ...
Updating learning rate to 2.2517998136852502e-05
Epoch: 21 cost time: 4.485887050628662
Epoch: 21, Steps: 33 | Train Loss: 0.3823759 Vali Loss: 0.7456264 Test Loss: 0.4113875
EarlyStopping counter: 1 out of 5
Updating learning rate to 1.8014398509482003e-05
Epoch: 22 cost time: 4.360510587692261
Epoch: 22, Steps: 33 | Train Loss: 0.3819141 Vali Loss: 0.7480151 Test Loss: 0.4113441
EarlyStopping counter: 2 out of 5
Updating learning rate to 1.4411518807585603e-05
Epoch: 23 cost time: 4.31805157661438
Epoch: 23, Steps: 33 | Train Loss: 0.3814545 Vali Loss: 0.7494147 Test Loss: 0.4113340
EarlyStopping counter: 3 out of 5
Updating learning rate to 1.1529215046068483e-05
Epoch: 24 cost time: 4.3200178146362305
Epoch: 24, Steps: 33 | Train Loss: 0.3816352 Vali Loss: 0.7430538 Test Loss: 0.4114741
Validation loss decreased (0.744568 --> 0.743054).  Saving model ...
Updating learning rate to 9.223372036854787e-06
Epoch: 25 cost time: 4.350502014160156
Epoch: 25, Steps: 33 | Train Loss: 0.3814176 Vali Loss: 0.7549618 Test Loss: 0.4112991
EarlyStopping counter: 1 out of 5
Updating learning rate to 7.37869762948383e-06
Epoch: 26 cost time: 4.264372825622559
Epoch: 26, Steps: 33 | Train Loss: 0.3815213 Vali Loss: 0.7440492 Test Loss: 0.4113524
EarlyStopping counter: 2 out of 5
Updating learning rate to 5.902958103587064e-06
Epoch: 27 cost time: 4.306713581085205
Epoch: 27, Steps: 33 | Train Loss: 0.3808305 Vali Loss: 0.7520922 Test Loss: 0.4114501
EarlyStopping counter: 3 out of 5
Updating learning rate to 4.722366482869652e-06
Epoch: 28 cost time: 4.387816429138184
Epoch: 28, Steps: 33 | Train Loss: 0.3814496 Vali Loss: 0.7459200 Test Loss: 0.4114953
EarlyStopping counter: 4 out of 5
Updating learning rate to 3.7778931862957216e-06
Epoch: 29 cost time: 4.425739526748657
Epoch: 29, Steps: 33 | Train Loss: 0.3809365 Vali Loss: 0.7497253 Test Loss: 0.4114539
EarlyStopping counter: 5 out of 5
Early stopping
>>>>>>>testing : ETTh1_96_96_TQNet_ETTh1_ftM_sl96_pl96_cycle24_seed2024_dphi1<<<<<<<<<<<<<<<<<<<<<<<<<<<<<<<<<
test 2785
mse:0.4106261134147644, mae:0.4256158471107483
saved predictions and metrics under ./results/ETTh1_96_96_TQNet_ETTh1_ftM_sl96_pl96_cycle24_seed2024_dphi1/
[damped_trend] enabled: phi=0.8, seq_len=96, pred_len=96 (trend added at step h = slope * phi * (1 - phi**h) / (1 - phi))
[split_hash] expected=b66ee6b47e2b2eb8 actual=b66ee6b47e2b2eb8 OK
Args in experiment:
Namespace(random_seed=2024, is_training=1, model_id='ETTh1_96_96', model='TQNet', data='ETTh1', root_path='./dataset/', data_path='ETTh1.csv', features='M', target='OT', freq='h', checkpoints='./checkpoints/', seq_len=96, label_len=0, pred_len=96, cycle=24, model_type='mlp', use_revin=1, use_tq=1, channel_aggre=1, channel_criterion=0, use_damped_trend=1, damped_phi=0.8, fc_dropout=0.05, head_dropout=0.0, patch_len=16, stride=8, padding_patch='end', revin=0, affine=0, subtract_last=0, decomposition=0, kernel_size=25, individual=0, rnn_type='gru', dec_way='pmf', seg_len=48, channel_id=1, embed_type=0, enc_in=7, dec_in=7, c_out=7, d_model=512, n_heads=8, e_layers=2, d_layers=1, d_ff=2048, moving_avg=25, factor=1, distil=True, dropout=0.5, embed='timeF', activation='gelu', output_attention=False, do_predict=False, num_workers=0, itr=1, train_epochs=30, batch_size=256, patience=5, learning_rate=0.001, des='test', loss='mse', lradj='type3', pct_start=0.3, use_amp=False, use_gpu=False, gpu=0, use_multi_gpu=False, devices='0,1', test_flop=False, accelerator='cpu', result_path='./result_ours.txt', save_outputs=1, channel_criterion_record=None)
Use CPU
>>>>>>>start training : ETTh1_96_96_TQNet_ETTh1_ftM_sl96_pl96_cycle24_seed2024_dphi0.8>>>>>>>>>>>>>>>>>>>>>>>>>>
train 8449
val 2785
test 2785
Epoch: 1 cost time: 5.633176803588867
Epoch: 1, Steps: 33 | Train Loss: 0.6529327 Vali Loss: 1.0302079 Test Loss: 0.6659665
Validation loss decreased (inf --> 1.030208).  Saving model ...
Updating learning rate to 0.001
Epoch: 2 cost time: 6.015576362609863
Epoch: 2, Steps: 33 | Train Loss: 0.4961291 Vali Loss: 0.7609142 Test Loss: 0.4535412
Validation loss decreased (1.030208 --> 0.760914).  Saving model ...
Updating learning rate to 0.001
Epoch: 3 cost time: 5.814480304718018
Epoch: 3, Steps: 33 | Train Loss: 0.4405716 Vali Loss: 0.7207171 Test Loss: 0.4297620
Validation loss decreased (0.760914 --> 0.720717).  Saving model ...
Updating learning rate to 0.001
Epoch: 4 cost time: 5.717416763305664
Epoch: 4, Steps: 33 | Train Loss: 0.4190880 Vali Loss: 0.7147324 Test Loss: 0.4163664
Validation loss decreased (0.720717 --> 0.714732).  Saving model ...
Updating learning rate to 0.0008
Epoch: 5 cost time: 5.803234815597534
Epoch: 5, Steps: 33 | Train Loss: 0.4045494 Vali Loss: 0.7025394 Test Loss: 0.4102541
Validation loss decreased (0.714732 --> 0.702539).  Saving model ...
Updating learning rate to 0.0006400000000000002
Epoch: 6 cost time: 5.824830055236816
Epoch: 6, Steps: 33 | Train Loss: 0.3943256 Vali Loss: 0.6958135 Test Loss: 0.4066023
Validation loss decreased (0.702539 --> 0.695813).  Saving model ...
Updating learning rate to 0.0005120000000000001
Epoch: 7 cost time: 5.9266674518585205
Epoch: 7, Steps: 33 | Train Loss: 0.3873467 Vali Loss: 0.7023506 Test Loss: 0.4076267
EarlyStopping counter: 1 out of 5
Updating learning rate to 0.0004096000000000001
Epoch: 8 cost time: 7.104584455490112
Epoch: 8, Steps: 33 | Train Loss: 0.3810416 Vali Loss: 0.6973332 Test Loss: 0.4028566
EarlyStopping counter: 2 out of 5
Updating learning rate to 0.0003276800000000001
Epoch: 9 cost time: 6.961350440979004
Epoch: 9, Steps: 33 | Train Loss: 0.3765012 Vali Loss: 0.6870060 Test Loss: 0.4013049
Validation loss decreased (0.695813 --> 0.687006).  Saving model ...
Updating learning rate to 0.0002621440000000001
Epoch: 10 cost time: 6.665431261062622
Epoch: 10, Steps: 33 | Train Loss: 0.3729205 Vali Loss: 0.6974228 Test Loss: 0.4018023
EarlyStopping counter: 1 out of 5
Updating learning rate to 0.0002097152000000001
Epoch: 11 cost time: 5.801519155502319
Epoch: 11, Steps: 33 | Train Loss: 0.3699518 Vali Loss: 0.6917936 Test Loss: 0.4031233
EarlyStopping counter: 2 out of 5
Updating learning rate to 0.0001677721600000001
Epoch: 12 cost time: 8.29000186920166
Epoch: 12, Steps: 33 | Train Loss: 0.3682459 Vali Loss: 0.6904036 Test Loss: 0.4021927
EarlyStopping counter: 3 out of 5
Updating learning rate to 0.00013421772800000008
Epoch: 13 cost time: 7.771318197250366
Epoch: 13, Steps: 33 | Train Loss: 0.3659744 Vali Loss: 0.6925554 Test Loss: 0.4015771
EarlyStopping counter: 4 out of 5
Updating learning rate to 0.00010737418240000006
Epoch: 14 cost time: 5.911040544509888
Epoch: 14, Steps: 33 | Train Loss: 0.3641703 Vali Loss: 0.6880227 Test Loss: 0.4006931
EarlyStopping counter: 5 out of 5
Early stopping
>>>>>>>testing : ETTh1_96_96_TQNet_ETTh1_ftM_sl96_pl96_cycle24_seed2024_dphi0.8<<<<<<<<<<<<<<<<<<<<<<<<<<<<<<<<<
test 2785
mse:0.4004500210285187, mae:0.41619718074798584
saved predictions and metrics under ./results/ETTh1_96_96_TQNet_ETTh1_ftM_sl96_pl96_cycle24_seed2024_dphi0.8/
[damped_trend] enabled: phi=1, seq_len=96, pred_len=96 (trend added at step h = slope * phi * (1 - phi**h) / (1 - phi))
[split_hash] expected=b66ee6b47e2b2eb8 actual=b66ee6b47e2b2eb8 OK
Args in experiment:
Namespace(random_seed=2024, is_training=1, model_id='ETTh1_96_96', model='TQNet', data='ETTh1', root_path='./dataset/', data_path='ETTh1.csv', features='M', target='OT', freq='h', checkpoints='./checkpoints/', seq_len=96, label_len=0, pred_len=96, cycle=24, model_type='mlp', use_revin=1, use_tq=1, channel_aggre=1, channel_criterion=0, use_damped_trend=1, damped_phi=1.0, fc_dropout=0.05, head_dropout=0.0, patch_len=16, stride=8, padding_patch='end', revin=0, affine=0, subtract_last=0, decomposition=0, kernel_size=25, individual=0, rnn_type='gru', dec_way='pmf', seg_len=48, channel_id=1, embed_type=0, enc_in=7, dec_in=7, c_out=7, d_model=512, n_heads=8, e_layers=2, d_layers=1, d_ff=2048, moving_avg=25, factor=1, distil=True, dropout=0.5, embed='timeF', activation='gelu', output_attention=False, do_predict=False, num_workers=0, itr=1, train_epochs=30, batch_size=256, patience=5, learning_rate=0.001, des='test', loss='mse', lradj='type3', pct_start=0.3, use_amp=False, use_gpu=False, gpu=0, use_multi_gpu=False, devices='0,1', test_flop=False, accelerator='cpu', result_path='./result_ours.txt', save_outputs=1, channel_criterion_record=None)
Use CPU
>>>>>>>start training : ETTh1_96_96_TQNet_ETTh1_ftM_sl96_pl96_cycle24_seed2024_dphi1>>>>>>>>>>>>>>>>>>>>>>>>>>
train 8449
val 2785
test 2785
Epoch: 1 cost time: 5.382535934448242
Epoch: 1, Steps: 33 | Train Loss: 0.9674935 Vali Loss: 1.6176951 Test Loss: 0.8841038
Validation loss decreased (inf --> 1.617695).  Saving model ...
Updating learning rate to 0.001
Epoch: 2 cost time: 5.917151212692261
Epoch: 2, Steps: 33 | Train Loss: 0.7805316 Vali Loss: 1.2635913 Test Loss: 0.6362780
Validation loss decreased (1.617695 --> 1.263591).  Saving model ...
Updating learning rate to 0.001
Epoch: 3 cost time: 5.671085596084595
Epoch: 3, Steps: 33 | Train Loss: 0.6927900 Vali Loss: 1.1480429 Test Loss: 0.5693125
Validation loss decreased (1.263591 --> 1.148043).  Saving model ...
Updating learning rate to 0.001
Epoch: 4 cost time: 5.616621494293213
Epoch: 4, Steps: 33 | Train Loss: 0.6339752 Vali Loss: 1.0882190 Test Loss: 0.5483578
Validation loss decreased (1.148043 --> 1.088219).  Saving model ...
Updating learning rate to 0.0008
Epoch: 5 cost time: 5.61504340171814
Epoch: 5, Steps: 33 | Train Loss: 0.5918124 Vali Loss: 1.0435101 Test Loss: 0.5257768
Validation loss decreased (1.088219 --> 1.043510).  Saving model ...
Updating learning rate to 0.0006400000000000002
Epoch: 6 cost time: 5.662719011306763
Epoch: 6, Steps: 33 | Train Loss: 0.5593400 Vali Loss: 1.0128844 Test Loss: 0.5208399
Validation loss decreased (1.043510 --> 1.012884).  Saving model ...
Updating learning rate to 0.0005120000000000001
Epoch: 7 cost time: 6.031550407409668
Epoch: 7, Steps: 33 | Train Loss: 0.5357529 Vali Loss: 0.9969046 Test Loss: 0.5157953
Validation loss decreased (1.012884 --> 0.996905).  Saving model ...
Updating learning rate to 0.0004096000000000001
Epoch: 8 cost time: 7.1158647537231445
Epoch: 8, Steps: 33 | Train Loss: 0.5186826 Vali Loss: 0.9774556 Test Loss: 0.5096369
Validation loss decreased (0.996905 --> 0.977456).  Saving model ...
Updating learning rate to 0.0003276800000000001
Epoch: 9 cost time: 6.834385871887207
Epoch: 9, Steps: 33 | Train Loss: 0.5055070 Vali Loss: 0.9627384 Test Loss: 0.5097425
Validation loss decreased (0.977456 --> 0.962738).  Saving model ...
Updating learning rate to 0.0002621440000000001
Epoch: 10 cost time: 6.315105199813843
Epoch: 10, Steps: 33 | Train Loss: 0.4939404 Vali Loss: 0.9693372 Test Loss: 0.5087023
EarlyStopping counter: 1 out of 5
Updating learning rate to 0.0002097152000000001
Epoch: 11 cost time: 5.778884410858154
Epoch: 11, Steps: 33 | Train Loss: 0.4877568 Vali Loss: 0.9641439 Test Loss: 0.5136880
EarlyStopping counter: 2 out of 5
Updating learning rate to 0.0001677721600000001
Epoch: 12 cost time: 7.329143762588501
Epoch: 12, Steps: 33 | Train Loss: 0.4837701 Vali Loss: 0.9562643 Test Loss: 0.5117641
Validation loss decreased (0.962738 --> 0.956264).  Saving model ...
Updating learning rate to 0.00013421772800000008
Epoch: 13 cost time: 5.160956621170044
Epoch: 13, Steps: 33 | Train Loss: 0.4783618 Vali Loss: 0.9587559 Test Loss: 0.5086969
EarlyStopping counter: 1 out of 5
Updating learning rate to 0.00010737418240000006
Epoch: 14 cost time: 4.6853346824646
Epoch: 14, Steps: 33 | Train Loss: 0.4733840 Vali Loss: 0.9496625 Test Loss: 0.5085258
Validation loss decreased (0.956264 --> 0.949663).  Saving model ...
Updating learning rate to 8.589934592000005e-05
Epoch: 15 cost time: 4.368361711502075
Epoch: 15, Steps: 33 | Train Loss: 0.4709031 Vali Loss: 0.9532810 Test Loss: 0.5069161
EarlyStopping counter: 1 out of 5
Updating learning rate to 6.871947673600005e-05
Epoch: 16 cost time: 4.4018495082855225
Epoch: 16, Steps: 33 | Train Loss: 0.4677584 Vali Loss: 0.9504669 Test Loss: 0.5080709
EarlyStopping counter: 2 out of 5
Updating learning rate to 5.497558138880004e-05
Epoch: 17 cost time: 4.673635482788086
Epoch: 17, Steps: 33 | Train Loss: 0.4653049 Vali Loss: 0.9545733 Test Loss: 0.5086326
EarlyStopping counter: 3 out of 5
Updating learning rate to 4.398046511104004e-05
Epoch: 18 cost time: 4.3795130252838135
Epoch: 18, Steps: 33 | Train Loss: 0.4652471 Vali Loss: 0.9485692 Test Loss: 0.5079634
Validation loss decreased (0.949663 --> 0.948569).  Saving model ...
Updating learning rate to 3.518437208883203e-05
Epoch: 19 cost time: 4.334327697753906
Epoch: 19, Steps: 33 | Train Loss: 0.4638421 Vali Loss: 0.9468772 Test Loss: 0.5076677
Validation loss decreased (0.948569 --> 0.946877).  Saving model ...
Updating learning rate to 2.8147497671065623e-05
Epoch: 20 cost time: 4.3848371505737305
Epoch: 20, Steps: 33 | Train Loss: 0.4632789 Vali Loss: 0.9492114 Test Loss: 0.5081785
EarlyStopping counter: 1 out of 5
Updating learning rate to 2.2517998136852502e-05
Epoch: 21 cost time: 4.490402936935425
Epoch: 21, Steps: 33 | Train Loss: 0.4634864 Vali Loss: 0.9487054 Test Loss: 0.5075144
EarlyStopping counter: 2 out of 5
Updating learning rate to 1.8014398509482003e-05
Epoch: 22 cost time: 4.39263653755188
Epoch: 22, Steps: 33 | Train Loss: 0.4621332 Vali Loss: 0.9462813 Test Loss: 0.5078482
Validation loss decreased (0.946877 --> 0.946281).  Saving model ...
Updating learning rate to 1.4411518807585603e-05
Epoch: 23 cost time: 4.4188759326934814
Epoch: 23, Steps: 33 | Train Loss: 0.4604825 Vali Loss: 0.9518878 Test Loss: 0.5079036
EarlyStopping counter: 1 out of 5
Updating learning rate to 1.1529215046068483e-05
Epoch: 24 cost time: 4.53144383430481
Epoch: 24, Steps: 33 | Train Loss: 0.4610182 Vali Loss: 0.9451411 Test Loss: 0.5080433
Validation loss decreased (0.946281 --> 0.945141).  Saving model ...
Updating learning rate to 9.223372036854787e-06
Epoch: 25 cost time: 4.760480642318726
Epoch: 25, Steps: 33 | Train Loss: 0.4614882 Vali Loss: 0.9582990 Test Loss: 0.5075368
EarlyStopping counter: 1 out of 5
Updating learning rate to 7.37869762948383e-06
Epoch: 26 cost time: 4.489819049835205
Epoch: 26, Steps: 33 | Train Loss: 0.4614570 Vali Loss: 0.9474486 Test Loss: 0.5077198
EarlyStopping counter: 2 out of 5
Updating learning rate to 5.902958103587064e-06
Epoch: 27 cost time: 4.3823723793029785
Epoch: 27, Steps: 33 | Train Loss: 0.4604638 Vali Loss: 0.9539722 Test Loss: 0.5078802
EarlyStopping counter: 3 out of 5
Updating learning rate to 4.722366482869652e-06
Epoch: 28 cost time: 5.218618392944336
Epoch: 28, Steps: 33 | Train Loss: 0.4606572 Vali Loss: 0.9512984 Test Loss: 0.5079849
EarlyStopping counter: 4 out of 5
Updating learning rate to 3.7778931862957216e-06
Epoch: 29 cost time: 5.579578399658203
Epoch: 29, Steps: 33 | Train Loss: 0.4607875 Vali Loss: 0.9523595 Test Loss: 0.5078587
EarlyStopping counter: 5 out of 5
Early stopping
>>>>>>>testing : ETTh1_96_96_TQNet_ETTh1_ftM_sl96_pl96_cycle24_seed2024_dphi1<<<<<<<<<<<<<<<<<<<<<<<<<<<<<<<<<
test 2785
mse:0.5065054893493652, mae:0.48876693844795227
saved predictions and metrics under ./results/ETTh1_96_96_TQNet_ETTh1_ftM_sl96_pl96_cycle24_seed2024_dphi1/
